
> rest-express@1.0.0 dev
> NODE_ENV=development tsx server/index.ts

2:16:21 AM [express] serving on port 5000
Browserslist: browsers data (caniuse-lite) is 8 months old. Please run:
  npx update-browserslist-db@latest
  Why you should do it regularly: https://github.com/browserslist/update-db#readme
2:16:24 AM [vite] Pre-transform error: /home/ubuntu/AgentFlowAutomationFleischerei4.0/AgentFlowAutomation/client/src/pages/concept-pdf.tsx: Expecting Unicode escape sequence \uXXXX. (145:78)

  143 |               <h1>Executive Summary - Artmayr GmbH</h1>
  144 |               <p style="color: #ccc;"><strong>Digitale Transformation f√ºr √∂sterreichisches Fleischerhandwerk</strong></p>
> 145 |               <p style="color: #ccc;">Datum: ${new Date().toLocaleDateString(\'de-DE\')}</p>
      |                                                                               ^
  146 |             </div>
  147 |
  148 |             <div class="section">

> rest-express@1.0.0 dev
> NODE_ENV=development tsx server/index.ts

2:16:43 AM [express] serving on port 5000
Browserslist: browsers data (caniuse-lite) is 8 months old. Please run:
  npx update-browserslist-db@latest
  Why you should do it regularly: https://github.com/browserslist/update-db#readme
2:23:38 AM [vite] hmr update /src/components/roi-section.tsx, /src/index.css?v=WGNXuYTNHFKY2BQLvNqBE
2:24:12 AM [vite] hmr update /src/pages/animation.tsx, /src/index.css?v=WGNXuYTNHFKY2BQLvNqBE
2:24:25 AM [vite] hmr update /src/components/pricing-section.tsx, /src/index.css?v=WGNXuYTNHFKY2BQLvNqBE
2:28:28 AM [vite] hmr update /src/pages/concept-pdf.tsx, /src/index.css?v=WGNXuYTNHFKY2BQLvNqBE
2:28:32 AM [vite] hmr update /src/pages/concept-pdf.tsx, /src/index.css?v=WGNXuYTNHFKY2BQLvNqBE
2:28:37 AM [vite] hmr update /src/pages/concept-pdf.tsx, /src/index.css?v=WGNXuYTNHFKY2BQLvNqBE
2:28:49 AM [vite] hmr update /src/components/pricing-section.tsx, /src/index.css?v=WGNXuYTNHFKY2BQLvNqBE

> rest-express@1.0.0 dev
> NODE_ENV=development tsx server/index.ts

2:29:15 AM [express] serving on port 5000
Browserslist: browsers data (caniuse-lite) is 8 months old. Please run:
  npx update-browserslist-db@latest
  Why you should do it regularly: https://github.com/browserslist/update-db#readme
3:10:03 AM [vite] hmr update /src/components/footer.tsx, /src/index.css?v=WGNXuYTNHFKY2BQLvNqBE
3:10:03 AM [vite] hmr update /src/components/footer.tsx, /src/index.css?v=9UYmAFNPpucHzWC5HHXkf
3:10:08 AM [vite] hmr update /src/components/footer.tsx, /src/index.css?v=WGNXuYTNHFKY2BQLvNqBE
3:10:08 AM [vite] hmr update /src/components/footer.tsx, /src/index.css?v=9UYmAFNPpucHzWC5HHXkf
3:10:17 AM [vite] Pre-transform error: /home/ubuntu/AgentFlowAutomationFleischerei4.0/AgentFlowAutomation/client/src/components/footer.tsx: Expected corresponding JSX closing tag for <footer>. (71:6)

  69 |           <p>¬© 2025 Avian Weinberger und Partner & Co. Alle Rechte vorbehalten. | DSGVO-konform | Made with  ‚ù§Ô∏èü¶¥üß† in Austria</p>
  70 |         </div>
> 71 |       </div>
     |       ^
  72 |     </footer>
  73 |   );
  74 | }
3:10:17 AM [vite] Pre-transform error: /home/ubuntu/AgentFlowAutomationFleischerei4.0/AgentFlowAutomation/client/src/components/footer.tsx: Expected corresponding JSX closing tag for <footer>. (71:6)

  69 |           <p>¬© 2025 Avian Weinberger und Partner & Co. Alle Rechte vorbehalten. | DSGVO-konform | Made with  ‚ù§Ô∏èü¶¥üß† in Austria</p>
  70 |         </div>
> 71 |       </div>
     |       ^
  72 |     </footer>
  73 |   );
  74 | }

> rest-express@1.0.0 dev
> NODE_ENV=development tsx server/index.ts

3:10:26 AM [express] serving on port 5000
Browserslist: browsers data (caniuse-lite) is 8 months old. Please run:
  npx update-browserslist-db@latest
  Why you should do it regularly: https://github.com/browserslist/update-db#readme
3:11:00 AM [vite] Pre-transform error: /home/ubuntu/AgentFlowAutomationFleischerei4.0/AgentFlowAutomation/client/src/components/footer.tsx: Expected corresponding JSX closing tag for <footer>. (71:6)

  69 |           <p>¬© 2025 Avian Weinberger und Partner & Co. Alle Rechte vorbehalten. | DSGVO-konform | Made with  ‚ù§Ô∏èü¶¥üß† in Austria</p>
  70 |         </div>
> 71 |       </div>
     |       ^
  72 |     </footer>
  73 |   );
  74 | }

> rest-express@1.0.0 dev
> NODE_ENV=development tsx server/index.ts

10:27:45 PM [express] serving on port 5000
Browserslist: browsers data (caniuse-lite) is 8 months old. Please run:
  npx update-browserslist-db@latest
  Why you should do it regularly: https://github.com/browserslist/update-db#readme
3:31:46 AM [vite] hmr update /src/components/footer.tsx, /src/index.css?v=mUAniR7_b2njFRSA0ZcG9
3:31:51 AM [vite] hmr update /src/components/footer.tsx, /src/index.css?v=mUAniR7_b2njFRSA0ZcG9

> rest-express@1.0.0 dev
> NODE_ENV=development tsx server/index.ts

3:32:14 AM [express] serving on port 5000
Browserslist: browsers data (caniuse-lite) is 8 months old. Please run:
  npx update-browserslist-db@latest
  Why you should do it regularly: https://github.com/browserslist/update-db#readme
3:39:34 AM [vite] hmr update /src/components/team-section.tsx, /src/index.css?v=xOlg3I87Aa5LLUx3BHvPD
3:39:34 AM [vite] hmr update /src/components/team-section.tsx, /src/index.css?v=mUAniR7_b2njFRSA0ZcG9

> rest-express@1.0.0 dev
> NODE_ENV=development tsx server/index.ts

3:40:52 AM [express] serving on port 5000
Browserslist: browsers data (caniuse-lite) is 8 months old. Please run:
  npx update-browserslist-db@latest
  Why you should do it regularly: https://github.com/browserslist/update-db#readme
3:39:11 AM [vite] hmr update /src/components/navigation.tsx, /src/index.css?v=mUAniR7_b2njFRSA0ZcG9, /src/index.css?v=Z9Up4ghatxoMTETAFpgKE, /src/index.css?v=1zSYxCNf-inHrb3SHnCdj
3:39:11 AM [vite] hmr update /src/components/navigation.tsx, /src/index.css?v=qBgSv3y13aXrJ0xsSPwUj, /src/index.css?v=MTM5YsBC9fQQa9Aq5lOaL, /src/index.css?v=Rq_lsJm4Exab6JjnSll6U
3:39:11 AM [vite] hmr update /src/components/navigation.tsx, /src/index.css?v=xOlg3I87Aa5LLUx3BHvPD, /src/index.css?v=6-R7g2tsicf2GybZn8EhR, /src/index.css?v=UvjDAcYFUFluHioNhFYH5
3:39:15 AM [vite] hmr update /src/components/navigation.tsx, /src/index.css?v=qBgSv3y13aXrJ0xsSPwUj, /src/index.css?v=MTM5YsBC9fQQa9Aq5lOaL, /src/index.css?v=Rq_lsJm4Exab6JjnSll6U
3:39:15 AM [vite] hmr update /src/components/navigation.tsx, /src/index.css?v=xOlg3I87Aa5LLUx3BHvPD, /src/index.css?v=6-R7g2tsicf2GybZn8EhR, /src/index.css?v=UvjDAcYFUFluHioNhFYH5
3:39:15 AM [vite] hmr update /src/components/navigation.tsx, /src/index.css?v=mUAniR7_b2njFRSA0ZcG9, /src/index.css?v=Z9Up4ghatxoMTETAFpgKE, /src/index.css?v=1zSYxCNf-inHrb3SHnCdj

> rest-express@1.0.0 dev
> NODE_ENV=development tsx server/index.ts

3:39:36 AM [express] serving on port 5000
Browserslist: browsers data (caniuse-lite) is 8 months old. Please run:
  npx update-browserslist-db@latest
  Why you should do it regularly: https://github.com/browserslist/update-db#readme

> rest-express@1.0.0 dev
> NODE_ENV=development tsx server/index.ts

3:44:05 AM [express] serving on port 5000
Browserslist: browsers data (caniuse-lite) is 8 months old. Please run:
  npx update-browserslist-db@latest
  Why you should do it regularly: https://github.com/browserslist/update-db#readme

> rest-express@1.0.0 dev
> NODE_ENV=development tsx server/index.ts

1:04:07 AM [express] serving on port 5000
Browserslist: browsers data (caniuse-lite) is 8 months old. Please run:
  npx update-browserslist-db@latest
  Why you should do it regularly: https://github.com/browserslist/update-db#readme

> rest-express@1.0.0 dev
> NODE_ENV=development tsx server/index.ts

1:05:53 AM [express] serving on port 5000
Browserslist: browsers data (caniuse-lite) is 8 months old. Please run:
  npx update-browserslist-db@latest
  Why you should do it regularly: https://github.com/browserslist/update-db#readme
11:58:21 AM [vite] hmr update /src/components/footer.tsx, /src/index.css?v=4jFgoPMAGt58wNiC8Se5K
11:58:20 AM [vite] hmr update /src/components/footer.tsx, /src/index.css?v=mUAniR7_b2njFRSA0ZcG9, /src/index.css?v=Z9Up4ghatxoMTETAFpgKE, /src/index.css?v=1zSYxCNf-inHrb3SHnCdj, /src/index.css?v=i9ZmRlIm6krbhp18PS55V, /src/index.css?v=5lS7vqpv6Ast78DDrUNlG, /src/index.css?v=O1T_9R9epykn3Krebp3s2, /src/index.css?v=jw_vV35E6-vNfZcHoqfkl, /src/index.css?v=waGH7W-BDpR_bO-osrksg, /src/index.css?v=CvETWtUuD89fmsnEMf8gL
11:58:20 AM [vite] hmr update /src/components/footer.tsx, /src/index.css?v=qBgSv3y13aXrJ0xsSPwUj, /src/index.css?v=MTM5YsBC9fQQa9Aq5lOaL, /src/index.css?v=Rq_lsJm4Exab6JjnSll6U, /src/index.css?v=72w-3CgONET_IgvxWqGkO, /src/index.css?v=q_8GQSFZWY2oczsiZxINg, /src/index.css?v=tWW1C-0zst7QdXLTUJmr7, /src/index.css?v=AI5Qp8ONoc8i7JS63XUfP, /src/index.css?v=Q7ALaMPcg8V6hHsrxm6nR, /src/index.css?v=Lz6Ec5AeUbUwsgRciGuzn, /src/index.css?v=YUMlHtXnBT9O9cDZ4pe37, /src/index.css?v=ArnRuZ4BC0lI8-cw_crek, /src/index.css?v=cRPzLM2xa8P-wbkMVJoUf, /src/index.css?v=7Rz_dbZkwtjCl28ZWDrQa
11:58:20 AM [vite] hmr update /src/components/footer.tsx, /src/index.css?v=xOlg3I87Aa5LLUx3BHvPD, /src/index.css?v=6-R7g2tsicf2GybZn8EhR, /src/index.css?v=UvjDAcYFUFluHioNhFYH5, /src/index.css?v=qLs6QESqs3Wv-vWYcrEue, /src/index.css?v=N-3ERC_LHtrWuubdIuwwm, /src/index.css?v=5tIVb0OKlMVqAkwpeYlOL, /src/index.css?v=Swv6tLm0MszL-7wDeyvyC, /src/index.css?v=C_otzyuabJVZJV1IYbfjT, /src/index.css?v=j4zY8yOGucrJdFow5Ucyo, /src/index.css?v=nxhk6bCqj70LFdyHvDsj3, /src/index.css?v=z7Qnm7QjgW1CN_YRIBetP
11:58:21 AM [vite] hmr update /src/components/footer.tsx, /src/index.css?v=KnJLZaYyJUa_ukV9csSWU, /src/index.css?v=MrXJ-qGRK6pSESpZXpPFF, /src/index.css?v=ka3sUNlAv6RycBWEaBv6_
11:58:21 AM [vite] hmr update /src/components/footer.tsx, /src/index.css?v=mCbmIjdEG_B6e6cBatgNN
11:58:21 AM [vite] hmr update /src/components/footer.tsx, /src/index.css?v=dIVvuJlUD9-v824T_z749, /src/index.css?v=RfwvQPJKtelMsr9VciBjy, /src/index.css?v=Ucuh3skeE3r0-oW3f8ayF, /src/index.css?v=r-Ju9xtyT12AE1XZ_wKEb, /src/index.css?v=URyaQhiloHCIxPznkxdUc, /src/index.css?v=GG2QwJn4m0ERfh5gXskbF, /src/index.css?v=Ls6JA50ZrAQ0XLUlliOlI
11:58:55 AM [vite] hmr update /src/components/hero-section.tsx, /src/index.css?v=4jFgoPMAGt58wNiC8Se5K
11:58:55 AM [vite] hmr update /src/components/hero-section.tsx, /src/index.css?v=xOlg3I87Aa5LLUx3BHvPD, /src/index.css?v=6-R7g2tsicf2GybZn8EhR, /src/index.css?v=UvjDAcYFUFluHioNhFYH5, /src/index.css?v=qLs6QESqs3Wv-vWYcrEue, /src/index.css?v=N-3ERC_LHtrWuubdIuwwm, /src/index.css?v=5tIVb0OKlMVqAkwpeYlOL, /src/index.css?v=Swv6tLm0MszL-7wDeyvyC, /src/index.css?v=C_otzyuabJVZJV1IYbfjT, /src/index.css?v=j4zY8yOGucrJdFow5Ucyo, /src/index.css?v=nxhk6bCqj70LFdyHvDsj3, /src/index.css?v=z7Qnm7QjgW1CN_YRIBetP
11:58:55 AM [vite] hmr update /src/components/hero-section.tsx, /src/index.css?v=dIVvuJlUD9-v824T_z749, /src/index.css?v=RfwvQPJKtelMsr9VciBjy, /src/index.css?v=Ucuh3skeE3r0-oW3f8ayF, /src/index.css?v=r-Ju9xtyT12AE1XZ_wKEb, /src/index.css?v=URyaQhiloHCIxPznkxdUc, /src/index.css?v=GG2QwJn4m0ERfh5gXskbF, /src/index.css?v=Ls6JA50ZrAQ0XLUlliOlI
11:58:55 AM [vite] hmr update /src/components/hero-section.tsx, /src/index.css?v=qBgSv3y13aXrJ0xsSPwUj, /src/index.css?v=MTM5YsBC9fQQa9Aq5lOaL, /src/index.css?v=Rq_lsJm4Exab6JjnSll6U, /src/index.css?v=72w-3CgONET_IgvxWqGkO, /src/index.css?v=q_8GQSFZWY2oczsiZxINg, /src/index.css?v=tWW1C-0zst7QdXLTUJmr7, /src/index.css?v=AI5Qp8ONoc8i7JS63XUfP, /src/index.css?v=Q7ALaMPcg8V6hHsrxm6nR, /src/index.css?v=Lz6Ec5AeUbUwsgRciGuzn, /src/index.css?v=YUMlHtXnBT9O9cDZ4pe37, /src/index.css?v=ArnRuZ4BC0lI8-cw_crek, /src/index.css?v=cRPzLM2xa8P-wbkMVJoUf, /src/index.css?v=7Rz_dbZkwtjCl28ZWDrQa
11:58:55 AM [vite] hmr update /src/components/hero-section.tsx, /src/index.css?v=mCbmIjdEG_B6e6cBatgNN
11:58:55 AM [vite] hmr update /src/components/hero-section.tsx, /src/index.css?v=KnJLZaYyJUa_ukV9csSWU, /src/index.css?v=MrXJ-qGRK6pSESpZXpPFF, /src/index.css?v=ka3sUNlAv6RycBWEaBv6_
11:58:55 AM [vite] hmr update /src/components/hero-section.tsx, /src/index.css?v=mUAniR7_b2njFRSA0ZcG9, /src/index.css?v=Z9Up4ghatxoMTETAFpgKE, /src/index.css?v=1zSYxCNf-inHrb3SHnCdj, /src/index.css?v=i9ZmRlIm6krbhp18PS55V, /src/index.css?v=5lS7vqpv6Ast78DDrUNlG, /src/index.css?v=O1T_9R9epykn3Krebp3s2, /src/index.css?v=jw_vV35E6-vNfZcHoqfkl, /src/index.css?v=waGH7W-BDpR_bO-osrksg, /src/index.css?v=CvETWtUuD89fmsnEMf8gL
11:59:17 AM [vite] hmr update /src/components/navigation.tsx, /src/index.css?v=mUAniR7_b2njFRSA0ZcG9, /src/index.css?v=Z9Up4ghatxoMTETAFpgKE, /src/index.css?v=1zSYxCNf-inHrb3SHnCdj, /src/index.css?v=i9ZmRlIm6krbhp18PS55V, /src/index.css?v=5lS7vqpv6Ast78DDrUNlG, /src/index.css?v=O1T_9R9epykn3Krebp3s2, /src/index.css?v=jw_vV35E6-vNfZcHoqfkl, /src/index.css?v=waGH7W-BDpR_bO-osrksg, /src/index.css?v=CvETWtUuD89fmsnEMf8gL
11:59:17 AM [vite] hmr update /src/components/navigation.tsx, /src/index.css?v=xOlg3I87Aa5LLUx3BHvPD, /src/index.css?v=6-R7g2tsicf2GybZn8EhR, /src/index.css?v=UvjDAcYFUFluHioNhFYH5, /src/index.css?v=qLs6QESqs3Wv-vWYcrEue, /src/index.css?v=N-3ERC_LHtrWuubdIuwwm, /src/index.css?v=5tIVb0OKlMVqAkwpeYlOL, /src/index.css?v=Swv6tLm0MszL-7wDeyvyC, /src/index.css?v=C_otzyuabJVZJV1IYbfjT, /src/index.css?v=j4zY8yOGucrJdFow5Ucyo, /src/index.css?v=nxhk6bCqj70LFdyHvDsj3, /src/index.css?v=z7Qnm7QjgW1CN_YRIBetP
11:59:17 AM [vite] hmr update /src/components/navigation.tsx, /src/index.css?v=4jFgoPMAGt58wNiC8Se5K
11:59:17 AM [vite] hmr update /src/components/navigation.tsx, /src/index.css?v=KnJLZaYyJUa_ukV9csSWU, /src/index.css?v=MrXJ-qGRK6pSESpZXpPFF, /src/index.css?v=ka3sUNlAv6RycBWEaBv6_
11:59:17 AM [vite] hmr update /src/components/navigation.tsx, /src/index.css?v=mCbmIjdEG_B6e6cBatgNN
11:59:17 AM [vite] hmr update /src/components/navigation.tsx, /src/index.css?v=dIVvuJlUD9-v824T_z749, /src/index.css?v=RfwvQPJKtelMsr9VciBjy, /src/index.css?v=Ucuh3skeE3r0-oW3f8ayF, /src/index.css?v=r-Ju9xtyT12AE1XZ_wKEb, /src/index.css?v=URyaQhiloHCIxPznkxdUc, /src/index.css?v=GG2QwJn4m0ERfh5gXskbF, /src/index.css?v=Ls6JA50ZrAQ0XLUlliOlI
11:59:17 AM [vite] hmr update /src/components/navigation.tsx, /src/index.css?v=qBgSv3y13aXrJ0xsSPwUj, /src/index.css?v=MTM5YsBC9fQQa9Aq5lOaL, /src/index.css?v=Rq_lsJm4Exab6JjnSll6U, /src/index.css?v=72w-3CgONET_IgvxWqGkO, /src/index.css?v=q_8GQSFZWY2oczsiZxINg, /src/index.css?v=tWW1C-0zst7QdXLTUJmr7, /src/index.css?v=AI5Qp8ONoc8i7JS63XUfP, /src/index.css?v=Q7ALaMPcg8V6hHsrxm6nR, /src/index.css?v=Lz6Ec5AeUbUwsgRciGuzn, /src/index.css?v=YUMlHtXnBT9O9cDZ4pe37, /src/index.css?v=ArnRuZ4BC0lI8-cw_crek, /src/index.css?v=cRPzLM2xa8P-wbkMVJoUf, /src/index.css?v=7Rz_dbZkwtjCl28ZWDrQa
12:24:55 PM [vite] hmr update /src/components/team-section.tsx, /src/index.css?v=mUAniR7_b2njFRSA0ZcG9, /src/index.css?v=Z9Up4ghatxoMTETAFpgKE, /src/index.css?v=1zSYxCNf-inHrb3SHnCdj, /src/index.css?v=i9ZmRlIm6krbhp18PS55V, /src/index.css?v=5lS7vqpv6Ast78DDrUNlG, /src/index.css?v=O1T_9R9epykn3Krebp3s2, /src/index.css?v=jw_vV35E6-vNfZcHoqfkl, /src/index.css?v=waGH7W-BDpR_bO-osrksg, /src/index.css?v=CvETWtUuD89fmsnEMf8gL
12:24:55 PM [vite] hmr update /src/components/team-section.tsx, /src/index.css?v=dIVvuJlUD9-v824T_z749, /src/index.css?v=RfwvQPJKtelMsr9VciBjy, /src/index.css?v=Ucuh3skeE3r0-oW3f8ayF, /src/index.css?v=r-Ju9xtyT12AE1XZ_wKEb, /src/index.css?v=URyaQhiloHCIxPznkxdUc, /src/index.css?v=GG2QwJn4m0ERfh5gXskbF, /src/index.css?v=Ls6JA50ZrAQ0XLUlliOlI
12:24:55 PM [vite] hmr update /src/components/team-section.tsx, /src/index.css?v=KnJLZaYyJUa_ukV9csSWU, /src/index.css?v=MrXJ-qGRK6pSESpZXpPFF, /src/index.css?v=ka3sUNlAv6RycBWEaBv6_, /src/index.css?v=ZxdLuOXKehT0r8zHtVnWq
12:24:55 PM [vite] hmr update /src/components/team-section.tsx, /src/index.css?v=4jFgoPMAGt58wNiC8Se5K, /src/index.css?v=hMJMaUFSyVlLzvH-FnyFj
12:24:55 PM [vite] hmr update /src/components/team-section.tsx, /src/index.css?v=qBgSv3y13aXrJ0xsSPwUj, /src/index.css?v=MTM5YsBC9fQQa9Aq5lOaL, /src/index.css?v=Rq_lsJm4Exab6JjnSll6U, /src/index.css?v=72w-3CgONET_IgvxWqGkO, /src/index.css?v=q_8GQSFZWY2oczsiZxINg, /src/index.css?v=tWW1C-0zst7QdXLTUJmr7, /src/index.css?v=AI5Qp8ONoc8i7JS63XUfP, /src/index.css?v=Q7ALaMPcg8V6hHsrxm6nR, /src/index.css?v=Lz6Ec5AeUbUwsgRciGuzn, /src/index.css?v=YUMlHtXnBT9O9cDZ4pe37, /src/index.css?v=ArnRuZ4BC0lI8-cw_crek, /src/index.css?v=cRPzLM2xa8P-wbkMVJoUf, /src/index.css?v=7Rz_dbZkwtjCl28ZWDrQa, /src/index.css?v=ZDdmICEt0O29YIPluMJzm
12:24:55 PM [vite] hmr update /src/components/team-section.tsx, /src/index.css?v=mCbmIjdEG_B6e6cBatgNN
12:24:55 PM [vite] hmr update /src/components/team-section.tsx, /src/index.css?v=xOlg3I87Aa5LLUx3BHvPD, /src/index.css?v=6-R7g2tsicf2GybZn8EhR, /src/index.css?v=UvjDAcYFUFluHioNhFYH5, /src/index.css?v=qLs6QESqs3Wv-vWYcrEue, /src/index.css?v=N-3ERC_LHtrWuubdIuwwm, /src/index.css?v=5tIVb0OKlMVqAkwpeYlOL, /src/index.css?v=Swv6tLm0MszL-7wDeyvyC, /src/index.css?v=C_otzyuabJVZJV1IYbfjT, /src/index.css?v=j4zY8yOGucrJdFow5Ucyo, /src/index.css?v=nxhk6bCqj70LFdyHvDsj3, /src/index.css?v=z7Qnm7QjgW1CN_YRIBetP, /src/index.css?v=PIjG2OMtEI81eccHBqC6H
12:25:22 PM [vite] hmr update /src/components/roi-section.tsx, /src/index.css?v=KnJLZaYyJUa_ukV9csSWU, /src/index.css?v=MrXJ-qGRK6pSESpZXpPFF, /src/index.css?v=ka3sUNlAv6RycBWEaBv6_, /src/index.css?v=ZxdLuOXKehT0r8zHtVnWq
12:25:22 PM [vite] hmr update /src/components/roi-section.tsx, /src/index.css?v=4jFgoPMAGt58wNiC8Se5K, /src/index.css?v=hMJMaUFSyVlLzvH-FnyFj
12:25:22 PM [vite] hmr update /src/components/roi-section.tsx, /src/index.css?v=dIVvuJlUD9-v824T_z749, /src/index.css?v=RfwvQPJKtelMsr9VciBjy, /src/index.css?v=Ucuh3skeE3r0-oW3f8ayF, /src/index.css?v=r-Ju9xtyT12AE1XZ_wKEb, /src/index.css?v=URyaQhiloHCIxPznkxdUc, /src/index.css?v=GG2QwJn4m0ERfh5gXskbF, /src/index.css?v=Ls6JA50ZrAQ0XLUlliOlI
12:25:22 PM [vite] hmr update /src/components/roi-section.tsx, /src/index.css?v=xOlg3I87Aa5LLUx3BHvPD, /src/index.css?v=6-R7g2tsicf2GybZn8EhR, /src/index.css?v=UvjDAcYFUFluHioNhFYH5, /src/index.css?v=qLs6QESqs3Wv-vWYcrEue, /src/index.css?v=N-3ERC_LHtrWuubdIuwwm, /src/index.css?v=5tIVb0OKlMVqAkwpeYlOL, /src/index.css?v=Swv6tLm0MszL-7wDeyvyC, /src/index.css?v=C_otzyuabJVZJV1IYbfjT, /src/index.css?v=j4zY8yOGucrJdFow5Ucyo, /src/index.css?v=nxhk6bCqj70LFdyHvDsj3, /src/index.css?v=z7Qnm7QjgW1CN_YRIBetP, /src/index.css?v=PIjG2OMtEI81eccHBqC6H
12:25:22 PM [vite] hmr update /src/components/roi-section.tsx, /src/index.css?v=mCbmIjdEG_B6e6cBatgNN
12:25:22 PM [vite] hmr update /src/components/roi-section.tsx, /src/index.css?v=mUAniR7_b2njFRSA0ZcG9, /src/index.css?v=Z9Up4ghatxoMTETAFpgKE, /src/index.css?v=1zSYxCNf-inHrb3SHnCdj, /src/index.css?v=i9ZmRlIm6krbhp18PS55V, /src/index.css?v=5lS7vqpv6Ast78DDrUNlG, /src/index.css?v=O1T_9R9epykn3Krebp3s2, /src/index.css?v=jw_vV35E6-vNfZcHoqfkl, /src/index.css?v=waGH7W-BDpR_bO-osrksg, /src/index.css?v=CvETWtUuD89fmsnEMf8gL
12:25:22 PM [vite] hmr update /src/components/roi-section.tsx, /src/index.css?v=qBgSv3y13aXrJ0xsSPwUj, /src/index.css?v=MTM5YsBC9fQQa9Aq5lOaL, /src/index.css?v=Rq_lsJm4Exab6JjnSll6U, /src/index.css?v=72w-3CgONET_IgvxWqGkO, /src/index.css?v=q_8GQSFZWY2oczsiZxINg, /src/index.css?v=tWW1C-0zst7QdXLTUJmr7, /src/index.css?v=AI5Qp8ONoc8i7JS63XUfP, /src/index.css?v=Q7ALaMPcg8V6hHsrxm6nR, /src/index.css?v=Lz6Ec5AeUbUwsgRciGuzn, /src/index.css?v=YUMlHtXnBT9O9cDZ4pe37, /src/index.css?v=ArnRuZ4BC0lI8-cw_crek, /src/index.css?v=cRPzLM2xa8P-wbkMVJoUf, /src/index.css?v=7Rz_dbZkwtjCl28ZWDrQa, /src/index.css?v=ZDdmICEt0O29YIPluMJzm
12:51:50 PM [vite] hmr update /src/components/roi-section.tsx, /src/index.css?v=mUAniR7_b2njFRSA0ZcG9, /src/index.css?v=Z9Up4ghatxoMTETAFpgKE, /src/index.css?v=1zSYxCNf-inHrb3SHnCdj, /src/index.css?v=i9ZmRlIm6krbhp18PS55V, /src/index.css?v=5lS7vqpv6Ast78DDrUNlG, /src/index.css?v=O1T_9R9epykn3Krebp3s2, /src/index.css?v=jw_vV35E6-vNfZcHoqfkl, /src/index.css?v=waGH7W-BDpR_bO-osrksg, /src/index.css?v=CvETWtUuD89fmsnEMf8gL, /src/index.css?v=ZIccDgVKLrHJEasqoNctC
12:51:50 PM [vite] hmr update /src/components/roi-section.tsx, /src/index.css?v=dIVvuJlUD9-v824T_z749, /src/index.css?v=RfwvQPJKtelMsr9VciBjy, /src/index.css?v=Ucuh3skeE3r0-oW3f8ayF, /src/index.css?v=r-Ju9xtyT12AE1XZ_wKEb, /src/index.css?v=URyaQhiloHCIxPznkxdUc, /src/index.css?v=GG2QwJn4m0ERfh5gXskbF, /src/index.css?v=Ls6JA50ZrAQ0XLUlliOlI
12:51:50 PM [vite] hmr update /src/components/roi-section.tsx, /src/index.css?v=mCbmIjdEG_B6e6cBatgNN
12:51:50 PM [vite] hmr update /src/components/roi-section.tsx, /src/index.css?v=4jFgoPMAGt58wNiC8Se5K, /src/index.css?v=hMJMaUFSyVlLzvH-FnyFj
12:51:50 PM [vite] hmr update /src/components/roi-section.tsx, /src/index.css?v=KnJLZaYyJUa_ukV9csSWU, /src/index.css?v=MrXJ-qGRK6pSESpZXpPFF, /src/index.css?v=ka3sUNlAv6RycBWEaBv6_, /src/index.css?v=ZxdLuOXKehT0r8zHtVnWq
12:51:50 PM [vite] hmr update /src/components/roi-section.tsx, /src/index.css?v=xOlg3I87Aa5LLUx3BHvPD, /src/index.css?v=6-R7g2tsicf2GybZn8EhR, /src/index.css?v=UvjDAcYFUFluHioNhFYH5, /src/index.css?v=qLs6QESqs3Wv-vWYcrEue, /src/index.css?v=N-3ERC_LHtrWuubdIuwwm, /src/index.css?v=5tIVb0OKlMVqAkwpeYlOL, /src/index.css?v=Swv6tLm0MszL-7wDeyvyC, /src/index.css?v=C_otzyuabJVZJV1IYbfjT, /src/index.css?v=j4zY8yOGucrJdFow5Ucyo, /src/index.css?v=nxhk6bCqj70LFdyHvDsj3, /src/index.css?v=z7Qnm7QjgW1CN_YRIBetP, /src/index.css?v=PIjG2OMtEI81eccHBqC6H
12:51:50 PM [vite] hmr update /src/components/roi-section.tsx, /src/index.css?v=qBgSv3y13aXrJ0xsSPwUj, /src/index.css?v=MTM5YsBC9fQQa9Aq5lOaL, /src/index.css?v=Rq_lsJm4Exab6JjnSll6U, /src/index.css?v=72w-3CgONET_IgvxWqGkO, /src/index.css?v=q_8GQSFZWY2oczsiZxINg, /src/index.css?v=tWW1C-0zst7QdXLTUJmr7, /src/index.css?v=AI5Qp8ONoc8i7JS63XUfP, /src/index.css?v=Q7ALaMPcg8V6hHsrxm6nR, /src/index.css?v=Lz6Ec5AeUbUwsgRciGuzn, /src/index.css?v=YUMlHtXnBT9O9cDZ4pe37, /src/index.css?v=ArnRuZ4BC0lI8-cw_crek, /src/index.css?v=cRPzLM2xa8P-wbkMVJoUf, /src/index.css?v=7Rz_dbZkwtjCl28ZWDrQa, /src/index.css?v=ZDdmICEt0O29YIPluMJzm
12:59:15 PM [vite] hmr update /src/components/roi-section.tsx, /src/index.css?v=xOlg3I87Aa5LLUx3BHvPD, /src/index.css?v=6-R7g2tsicf2GybZn8EhR, /src/index.css?v=UvjDAcYFUFluHioNhFYH5, /src/index.css?v=qLs6QESqs3Wv-vWYcrEue, /src/index.css?v=N-3ERC_LHtrWuubdIuwwm, /src/index.css?v=5tIVb0OKlMVqAkwpeYlOL, /src/index.css?v=Swv6tLm0MszL-7wDeyvyC, /src/index.css?v=C_otzyuabJVZJV1IYbfjT, /src/index.css?v=j4zY8yOGucrJdFow5Ucyo, /src/index.css?v=nxhk6bCqj70LFdyHvDsj3, /src/index.css?v=z7Qnm7QjgW1CN_YRIBetP, /src/index.css?v=PIjG2OMtEI81eccHBqC6H, /src/index.css?v=SIlDrhPOwfpaFi2QMy9ly
12:59:15 PM [vite] hmr update /src/components/roi-section.tsx, /src/index.css?v=KnJLZaYyJUa_ukV9csSWU, /src/index.css?v=MrXJ-qGRK6pSESpZXpPFF, /src/index.css?v=ka3sUNlAv6RycBWEaBv6_, /src/index.css?v=ZxdLuOXKehT0r8zHtVnWq
12:59:15 PM [vite] hmr update /src/components/roi-section.tsx, /src/index.css?v=dIVvuJlUD9-v824T_z749, /src/index.css?v=RfwvQPJKtelMsr9VciBjy, /src/index.css?v=Ucuh3skeE3r0-oW3f8ayF, /src/index.css?v=r-Ju9xtyT12AE1XZ_wKEb, /src/index.css?v=URyaQhiloHCIxPznkxdUc, /src/index.css?v=GG2QwJn4m0ERfh5gXskbF, /src/index.css?v=Ls6JA50ZrAQ0XLUlliOlI
12:59:15 PM [vite] hmr update /src/components/roi-section.tsx, /src/index.css?v=4jFgoPMAGt58wNiC8Se5K, /src/index.css?v=hMJMaUFSyVlLzvH-FnyFj
12:59:15 PM [vite] hmr update /src/components/roi-section.tsx, /src/index.css?v=qBgSv3y13aXrJ0xsSPwUj, /src/index.css?v=MTM5YsBC9fQQa9Aq5lOaL, /src/index.css?v=Rq_lsJm4Exab6JjnSll6U, /src/index.css?v=72w-3CgONET_IgvxWqGkO, /src/index.css?v=q_8GQSFZWY2oczsiZxINg, /src/index.css?v=tWW1C-0zst7QdXLTUJmr7, /src/index.css?v=AI5Qp8ONoc8i7JS63XUfP, /src/index.css?v=Q7ALaMPcg8V6hHsrxm6nR, /src/index.css?v=Lz6Ec5AeUbUwsgRciGuzn, /src/index.css?v=YUMlHtXnBT9O9cDZ4pe37, /src/index.css?v=ArnRuZ4BC0lI8-cw_crek, /src/index.css?v=cRPzLM2xa8P-wbkMVJoUf, /src/index.css?v=7Rz_dbZkwtjCl28ZWDrQa, /src/index.css?v=ZDdmICEt0O29YIPluMJzm
12:59:15 PM [vite] hmr update /src/components/roi-section.tsx, /src/index.css?v=mCbmIjdEG_B6e6cBatgNN
12:59:15 PM [vite] hmr update /src/components/roi-section.tsx, /src/index.css?v=mUAniR7_b2njFRSA0ZcG9, /src/index.css?v=Z9Up4ghatxoMTETAFpgKE, /src/index.css?v=1zSYxCNf-inHrb3SHnCdj, /src/index.css?v=i9ZmRlIm6krbhp18PS55V, /src/index.css?v=5lS7vqpv6Ast78DDrUNlG, /src/index.css?v=O1T_9R9epykn3Krebp3s2, /src/index.css?v=jw_vV35E6-vNfZcHoqfkl, /src/index.css?v=waGH7W-BDpR_bO-osrksg, /src/index.css?v=CvETWtUuD89fmsnEMf8gL, /src/index.css?v=ZIccDgVKLrHJEasqoNctC
1:02:08 PM [vite] hmr update /src/components/roi-section.tsx, /src/index.css?v=KnJLZaYyJUa_ukV9csSWU, /src/index.css?v=MrXJ-qGRK6pSESpZXpPFF, /src/index.css?v=ka3sUNlAv6RycBWEaBv6_, /src/index.css?v=ZxdLuOXKehT0r8zHtVnWq
1:02:08 PM [vite] hmr update /src/components/roi-section.tsx, /src/index.css?v=4jFgoPMAGt58wNiC8Se5K, /src/index.css?v=hMJMaUFSyVlLzvH-FnyFj
1:02:08 PM [vite] hmr update /src/components/roi-section.tsx, /src/index.css?v=mUAniR7_b2njFRSA0ZcG9, /src/index.css?v=Z9Up4ghatxoMTETAFpgKE, /src/index.css?v=1zSYxCNf-inHrb3SHnCdj, /src/index.css?v=i9ZmRlIm6krbhp18PS55V, /src/index.css?v=5lS7vqpv6Ast78DDrUNlG, /src/index.css?v=O1T_9R9epykn3Krebp3s2, /src/index.css?v=jw_vV35E6-vNfZcHoqfkl, /src/index.css?v=waGH7W-BDpR_bO-osrksg, /src/index.css?v=CvETWtUuD89fmsnEMf8gL, /src/index.css?v=ZIccDgVKLrHJEasqoNctC
1:02:08 PM [vite] hmr update /src/components/roi-section.tsx, /src/index.css?v=xOlg3I87Aa5LLUx3BHvPD, /src/index.css?v=6-R7g2tsicf2GybZn8EhR, /src/index.css?v=UvjDAcYFUFluHioNhFYH5, /src/index.css?v=qLs6QESqs3Wv-vWYcrEue, /src/index.css?v=N-3ERC_LHtrWuubdIuwwm, /src/index.css?v=5tIVb0OKlMVqAkwpeYlOL, /src/index.css?v=Swv6tLm0MszL-7wDeyvyC, /src/index.css?v=C_otzyuabJVZJV1IYbfjT, /src/index.css?v=j4zY8yOGucrJdFow5Ucyo, /src/index.css?v=nxhk6bCqj70LFdyHvDsj3, /src/index.css?v=z7Qnm7QjgW1CN_YRIBetP, /src/index.css?v=PIjG2OMtEI81eccHBqC6H, /src/index.css?v=SIlDrhPOwfpaFi2QMy9ly
1:02:08 PM [vite] hmr update /src/components/roi-section.tsx, /src/index.css?v=qBgSv3y13aXrJ0xsSPwUj, /src/index.css?v=MTM5YsBC9fQQa9Aq5lOaL, /src/index.css?v=Rq_lsJm4Exab6JjnSll6U, /src/index.css?v=72w-3CgONET_IgvxWqGkO, /src/index.css?v=q_8GQSFZWY2oczsiZxINg, /src/index.css?v=tWW1C-0zst7QdXLTUJmr7, /src/index.css?v=AI5Qp8ONoc8i7JS63XUfP, /src/index.css?v=Q7ALaMPcg8V6hHsrxm6nR, /src/index.css?v=Lz6Ec5AeUbUwsgRciGuzn, /src/index.css?v=YUMlHtXnBT9O9cDZ4pe37, /src/index.css?v=ArnRuZ4BC0lI8-cw_crek, /src/index.css?v=cRPzLM2xa8P-wbkMVJoUf, /src/index.css?v=7Rz_dbZkwtjCl28ZWDrQa, /src/index.css?v=ZDdmICEt0O29YIPluMJzm
1:02:08 PM [vite] hmr update /src/components/roi-section.tsx, /src/index.css?v=dIVvuJlUD9-v824T_z749, /src/index.css?v=RfwvQPJKtelMsr9VciBjy, /src/index.css?v=Ucuh3skeE3r0-oW3f8ayF, /src/index.css?v=r-Ju9xtyT12AE1XZ_wKEb, /src/index.css?v=URyaQhiloHCIxPznkxdUc, /src/index.css?v=GG2QwJn4m0ERfh5gXskbF, /src/index.css?v=Ls6JA50ZrAQ0XLUlliOlI
1:02:08 PM [vite] hmr update /src/components/roi-section.tsx, /src/index.css?v=mCbmIjdEG_B6e6cBatgNN
1:02:27 PM [vite] hmr update /src/components/roi-section.tsx, /src/index.css?v=KnJLZaYyJUa_ukV9csSWU, /src/index.css?v=MrXJ-qGRK6pSESpZXpPFF, /src/index.css?v=ka3sUNlAv6RycBWEaBv6_, /src/index.css?v=ZxdLuOXKehT0r8zHtVnWq
1:02:27 PM [vite] hmr update /src/components/roi-section.tsx, /src/index.css?v=mCbmIjdEG_B6e6cBatgNN
1:02:27 PM [vite] hmr update /src/components/roi-section.tsx, /src/index.css?v=dIVvuJlUD9-v824T_z749, /src/index.css?v=RfwvQPJKtelMsr9VciBjy, /src/index.css?v=Ucuh3skeE3r0-oW3f8ayF, /src/index.css?v=r-Ju9xtyT12AE1XZ_wKEb, /src/index.css?v=URyaQhiloHCIxPznkxdUc, /src/index.css?v=GG2QwJn4m0ERfh5gXskbF, /src/index.css?v=Ls6JA50ZrAQ0XLUlliOlI
1:02:27 PM [vite] hmr update /src/components/roi-section.tsx, /src/index.css?v=4jFgoPMAGt58wNiC8Se5K, /src/index.css?v=hMJMaUFSyVlLzvH-FnyFj
1:02:27 PM [vite] hmr update /src/components/roi-section.tsx, /src/index.css?v=mUAniR7_b2njFRSA0ZcG9, /src/index.css?v=Z9Up4ghatxoMTETAFpgKE, /src/index.css?v=1zSYxCNf-inHrb3SHnCdj, /src/index.css?v=i9ZmRlIm6krbhp18PS55V, /src/index.css?v=5lS7vqpv6Ast78DDrUNlG, /src/index.css?v=O1T_9R9epykn3Krebp3s2, /src/index.css?v=jw_vV35E6-vNfZcHoqfkl, /src/index.css?v=waGH7W-BDpR_bO-osrksg, /src/index.css?v=CvETWtUuD89fmsnEMf8gL, /src/index.css?v=ZIccDgVKLrHJEasqoNctC
1:02:27 PM [vite] hmr update /src/components/roi-section.tsx, /src/index.css?v=xOlg3I87Aa5LLUx3BHvPD, /src/index.css?v=6-R7g2tsicf2GybZn8EhR, /src/index.css?v=UvjDAcYFUFluHioNhFYH5, /src/index.css?v=qLs6QESqs3Wv-vWYcrEue, /src/index.css?v=N-3ERC_LHtrWuubdIuwwm, /src/index.css?v=5tIVb0OKlMVqAkwpeYlOL, /src/index.css?v=Swv6tLm0MszL-7wDeyvyC, /src/index.css?v=C_otzyuabJVZJV1IYbfjT, /src/index.css?v=j4zY8yOGucrJdFow5Ucyo, /src/index.css?v=nxhk6bCqj70LFdyHvDsj3, /src/index.css?v=z7Qnm7QjgW1CN_YRIBetP, /src/index.css?v=PIjG2OMtEI81eccHBqC6H, /src/index.css?v=SIlDrhPOwfpaFi2QMy9ly
1:02:27 PM [vite] hmr update /src/components/roi-section.tsx, /src/index.css?v=qBgSv3y13aXrJ0xsSPwUj, /src/index.css?v=MTM5YsBC9fQQa9Aq5lOaL, /src/index.css?v=Rq_lsJm4Exab6JjnSll6U, /src/index.css?v=72w-3CgONET_IgvxWqGkO, /src/index.css?v=q_8GQSFZWY2oczsiZxINg, /src/index.css?v=tWW1C-0zst7QdXLTUJmr7, /src/index.css?v=AI5Qp8ONoc8i7JS63XUfP, /src/index.css?v=Q7ALaMPcg8V6hHsrxm6nR, /src/index.css?v=Lz6Ec5AeUbUwsgRciGuzn, /src/index.css?v=YUMlHtXnBT9O9cDZ4pe37, /src/index.css?v=ArnRuZ4BC0lI8-cw_crek, /src/index.css?v=cRPzLM2xa8P-wbkMVJoUf, /src/index.css?v=7Rz_dbZkwtjCl28ZWDrQa, /src/index.css?v=ZDdmICEt0O29YIPluMJzm
1:04:43 PM [vite] hmr update /src/components/roi-section.tsx, /src/index.css?v=4jFgoPMAGt58wNiC8Se5K, /src/index.css?v=hMJMaUFSyVlLzvH-FnyFj
1:04:43 PM [vite] hmr update /src/components/roi-section.tsx, /src/index.css?v=xOlg3I87Aa5LLUx3BHvPD, /src/index.css?v=6-R7g2tsicf2GybZn8EhR, /src/index.css?v=UvjDAcYFUFluHioNhFYH5, /src/index.css?v=qLs6QESqs3Wv-vWYcrEue, /src/index.css?v=N-3ERC_LHtrWuubdIuwwm, /src/index.css?v=5tIVb0OKlMVqAkwpeYlOL, /src/index.css?v=Swv6tLm0MszL-7wDeyvyC, /src/index.css?v=C_otzyuabJVZJV1IYbfjT, /src/index.css?v=j4zY8yOGucrJdFow5Ucyo, /src/index.css?v=nxhk6bCqj70LFdyHvDsj3, /src/index.css?v=z7Qnm7QjgW1CN_YRIBetP, /src/index.css?v=PIjG2OMtEI81eccHBqC6H, /src/index.css?v=SIlDrhPOwfpaFi2QMy9ly
1:04:43 PM [vite] hmr update /src/components/roi-section.tsx, /src/index.css?v=mUAniR7_b2njFRSA0ZcG9, /src/index.css?v=Z9Up4ghatxoMTETAFpgKE, /src/index.css?v=1zSYxCNf-inHrb3SHnCdj, /src/index.css?v=i9ZmRlIm6krbhp18PS55V, /src/index.css?v=5lS7vqpv6Ast78DDrUNlG, /src/index.css?v=O1T_9R9epykn3Krebp3s2, /src/index.css?v=jw_vV35E6-vNfZcHoqfkl, /src/index.css?v=waGH7W-BDpR_bO-osrksg, /src/index.css?v=CvETWtUuD89fmsnEMf8gL, /src/index.css?v=ZIccDgVKLrHJEasqoNctC
1:04:43 PM [vite] hmr update /src/components/roi-section.tsx, /src/index.css?v=mCbmIjdEG_B6e6cBatgNN
1:04:43 PM [vite] hmr update /src/components/roi-section.tsx, /src/index.css?v=qBgSv3y13aXrJ0xsSPwUj, /src/index.css?v=MTM5YsBC9fQQa9Aq5lOaL, /src/index.css?v=Rq_lsJm4Exab6JjnSll6U, /src/index.css?v=72w-3CgONET_IgvxWqGkO, /src/index.css?v=q_8GQSFZWY2oczsiZxINg, /src/index.css?v=tWW1C-0zst7QdXLTUJmr7, /src/index.css?v=AI5Qp8ONoc8i7JS63XUfP, /src/index.css?v=Q7ALaMPcg8V6hHsrxm6nR, /src/index.css?v=Lz6Ec5AeUbUwsgRciGuzn, /src/index.css?v=YUMlHtXnBT9O9cDZ4pe37, /src/index.css?v=ArnRuZ4BC0lI8-cw_crek, /src/index.css?v=cRPzLM2xa8P-wbkMVJoUf, /src/index.css?v=7Rz_dbZkwtjCl28ZWDrQa, /src/index.css?v=ZDdmICEt0O29YIPluMJzm
1:04:43 PM [vite] hmr update /src/components/roi-section.tsx, /src/index.css?v=KnJLZaYyJUa_ukV9csSWU, /src/index.css?v=MrXJ-qGRK6pSESpZXpPFF, /src/index.css?v=ka3sUNlAv6RycBWEaBv6_, /src/index.css?v=ZxdLuOXKehT0r8zHtVnWq
1:04:43 PM [vite] hmr update /src/components/roi-section.tsx, /src/index.css?v=dIVvuJlUD9-v824T_z749, /src/index.css?v=RfwvQPJKtelMsr9VciBjy, /src/index.css?v=Ucuh3skeE3r0-oW3f8ayF, /src/index.css?v=r-Ju9xtyT12AE1XZ_wKEb, /src/index.css?v=URyaQhiloHCIxPznkxdUc, /src/index.css?v=GG2QwJn4m0ERfh5gXskbF, /src/index.css?v=Ls6JA50ZrAQ0XLUlliOlI, /src/index.css?v=j-OaAwnsN0TH2ZeTXKOso
